
==================================================
  SYSTEM PERFORMANCE ANALYZER - TEST RESULTS
==================================================
python : Traceback (most recent call last):
At line:1 char:1
+ python test_quick.py *> test_output.txt 2>&1; 
type test_output.txt
+ ~~~~~~~~~~~~~~~~~~~~~~~~~~~~~~~~~~~~~~~~~~~~
    + CategoryInfo          : NotSpecified: (Tra 
   ceback (most recent call last)::String) [],   
  RemoteException
    + FullyQualifiedErrorId : NativeCommandError
 
  File "C:\Users\NDS\OneDrive\Desktop\SystemPerfo
rmance\test_quick.py", line 111, in <module>
    print(f"  {icon} {r}")
  File "C:\Users\NDS\AppData\Local\Programs\Pytho
n\Python310\lib\encodings\cp1252.py", line 19, 
in encode
    return codecs.charmap_encode(input,self.error
s,encoding_table)[0]
UnicodeEncodeError: 'charmap' codec can't encode 
character '\u2705' in position 2: character maps 
to <undefined>
